Copyright 1986-2021 Xilinx, Inc. All Rights Reserved.
---------------------------------------------------------------------------------------------------
| Tool Version      : Vivado v.2021.1.1 (lin64) Build 3286242 Wed Jul 28 13:09:46 MDT 2021
| Date              : Tue Nov  2 01:05:00 2021
| Host              : andre running 64-bit Ubuntu 20.04.3 LTS
| Command           : report_clock_utilization -file design_1_wrapper_clock_utilization_routed.rpt
| Design            : design_1_wrapper
| Device            : xczu7ev-ffvc1156
| Speed File        : -2  PRODUCTION 1.29 08-03-2020
| Temperature Grade : E
| Design State      : Routed
---------------------------------------------------------------------------------------------------

Clock Utilization Report

Table of Contents
-----------------
1. Clock Primitive Utilization
2. Global Clock Resources
3. Global Clock Source Details
4. Clock Regions : Clock Primitives
5. Clock Regions : Load Primitives
6. Clock Regions : Global Clock Summary
7. Clock Regions : Routing Resource Utilization
8. Device Cell Placement Summary for Global Clock g0
9. Device Cell Placement Summary for Global Clock g1
10. Device Cell Placement Summary for Global Clock g2
11. Device Cell Placement Summary for Global Clock g3
12. Device Cell Placement Summary for Global Clock g4
13. Device Cell Placement Summary for Global Clock g5
14. Device Cell Placement Summary for Global Clock g6
15. Clock Region Cell Placement per Global Clock: Region X1Y0
16. Clock Region Cell Placement per Global Clock: Region X2Y0
17. Clock Region Cell Placement per Global Clock: Region X3Y0
18. Clock Region Cell Placement per Global Clock: Region X1Y1
19. Clock Region Cell Placement per Global Clock: Region X2Y1
20. Clock Region Cell Placement per Global Clock: Region X3Y1
21. Clock Region Cell Placement per Global Clock: Region X1Y2
22. Clock Region Cell Placement per Global Clock: Region X2Y2
23. Clock Region Cell Placement per Global Clock: Region X3Y2
24. Clock Region Cell Placement per Global Clock: Region X1Y3
25. Clock Region Cell Placement per Global Clock: Region X2Y3
26. Clock Region Cell Placement per Global Clock: Region X0Y4
27. Clock Region Cell Placement per Global Clock: Region X1Y4
28. Clock Region Cell Placement per Global Clock: Region X2Y4
29. Clock Region Cell Placement per Global Clock: Region X3Y4
30. Clock Region Cell Placement per Global Clock: Region X0Y5
31. Clock Region Cell Placement per Global Clock: Region X1Y5
32. Clock Region Cell Placement per Global Clock: Region X2Y5
33. Clock Region Cell Placement per Global Clock: Region X3Y5

1. Clock Primitive Utilization
------------------------------

+------------+------+-----------+-----+--------------+--------+
| Type       | Used | Available | LOC | Clock Region | Pblock |
+------------+------+-----------+-----+--------------+--------+
| BUFGCE     |    6 |       208 |   0 |            0 |      0 |
| BUFGCE_DIV |    0 |        32 |   0 |            0 |      0 |
| BUFGCTRL   |    0 |        64 |   0 |            0 |      0 |
| BUFG_GT    |    0 |       144 |   0 |            0 |      0 |
| MMCM       |    0 |         8 |   0 |            0 |      0 |
| PLL        |    0 |        16 |   0 |            0 |      0 |
+------------+------+-----------+-----+--------------+--------+


2. Global Clock Resources
-------------------------

+-----------+-----------+-----------------+------------+---------------+--------------+------+-------------------+-------------------+-------------+-----------------+--------------+-----------------------------------------------------------------------------------------------------+-------------------------------------------------------------------------------+-------------------------------------------------------------+
| Global Id | Source Id | Driver Type/Pin | Constraint | Site          | Clock Region | Root | Clock Delay Group | Load Clock Region | Clock Loads | Non-Clock Loads | Clock Period | Clock                                                                                               | Driver Pin                                                                    | Net                                                         |
+-----------+-----------+-----------------+------------+---------------+--------------+------+-------------------+-------------------+-------------+-----------------+--------------+-----------------------------------------------------------------------------------------------------+-------------------------------------------------------------------------------+-------------------------------------------------------------+
| g0        | src0      | BUFG_PS/O       | None       | BUFG_PS_X0Y88 | X1Y3         | X1Y2 |                   |                19 |       32628 |               0 |       10.000 | clk_pl_0                                                                                            | design_1_i/zynq_ultra_ps_e_0/inst/buffer_pl_clk_0.PL_CLK_0_BUFG/O             | design_1_i/zynq_ultra_ps_e_0/inst/pl_clk0                   |
| g1        | src1      | BUFGCE/O        | None       | BUFGCE_X1Y38  | X2Y1         | X2Y2 |                   |                 4 |         461 |               0 |       50.000 | dbg_hub/inst/BSCANID.u_xsdbm_id/SWITCH_N_EXT_BSCAN.bscan_inst/SERIES7_BSCAN.bscan_inst/INTERNAL_TCK | dbg_hub/inst/BSCANID.u_xsdbm_id/SWITCH_N_EXT_BSCAN.u_bufg_icon_tck/O          | dbg_hub/inst/BSCANID.u_xsdbm_id/itck_i                      |
| g2        | src2      | BUFGCE/O        | None       | BUFGCE_X1Y96  | X2Y4         | X2Y4 | n/a               |                 8 |           0 |            1134 |          n/a | n/a                                                                                                 | design_1_i/ddr_interface_0/inst/l1_cache_z[31][15]_i_2_bufg_place/O           | design_1_i/ddr_interface_0/inst/l1_cache_z[31][15]_i_2_n_0  |
| g3        | src3      | BUFGCE/O        | None       | BUFGCE_X1Y97  | X2Y4         | X2Y4 | n/a               |                 8 |           0 |            1008 |          n/a | n/a                                                                                                 | design_1_i/ddr_interface_0/inst/l1_fcache_z[30][15]_i_2_bufg_place/O          | design_1_i/ddr_interface_0/inst/l1_fcache_z[30][15]_i_2_n_0 |
| g4        | src4      | BUFGCE/O        | None       | BUFGCE_X1Y122 | X2Y5         | X2Y5 | n/a               |                 8 |           0 |            1890 |          n/a | n/a                                                                                                 | design_1_i/ddr_interface_0/inst/m_controller/cache_x[479]_i_1_bufg_place/O    | design_1_i/ddr_interface_0/inst/m_controller/rst_1[0]       |
| g5        | src5      | BUFGCE/O        | None       | BUFGCE_X1Y116 | X2Y4         | X2Y4 | n/a               |                13 |           0 |            3427 |          n/a | n/a                                                                                                 | design_1_i/ddr_interface_0/inst/reset_reg_bufg_place/O                        | design_1_i/ddr_interface_0/inst/reset                       |
| g6        | src6      | BUFGCE/O        | None       | BUFGCE_X1Y104 | X2Y4         | X2Y4 | n/a               |                10 |           0 |            1121 |          n/a | n/a                                                                                                 | design_1_i/rst_ps8_0_100M/U0/ACTIVE_LOW_PR_OUT_DFF[0].FDRE_PER_N_bufg_place/O | design_1_i/rst_ps8_0_100M/U0/peripheral_aresetn[0]          |
+-----------+-----------+-----------------+------------+---------------+--------------+------+-------------------+-------------------+-------------+-----------------+--------------+-----------------------------------------------------------------------------------------------------+-------------------------------------------------------------------------------+-------------------------------------------------------------+
* Clock Loads column represents the clock pin loads (pin count)
** Non-Clock Loads column represents the non-clock pin loads (pin count)


3. Global Clock Source Details
------------------------------

+-----------+-----------+-----------------+------------+------------------+--------------+-------------+-----------------+---------------------+-----------------------------------------------------------------------------------------------------+--------------------------------------------------------------------------------------------+------------------------------------------------------------------------+
| Source Id | Global Id | Driver Type/Pin | Constraint | Site             | Clock Region | Clock Loads | Non-Clock Loads | Source Clock Period | Source Clock                                                                                        | Driver Pin                                                                                 | Net                                                                    |
+-----------+-----------+-----------------+------------+------------------+--------------+-------------+-----------------+---------------------+-----------------------------------------------------------------------------------------------------+--------------------------------------------------------------------------------------------+------------------------------------------------------------------------+
| src0      | g0        | PS8/PLCLK[0]    | None       | PS8_X0Y0         | X0Y1         |           1 |               0 |              10.000 | clk_pl_0                                                                                            | design_1_i/zynq_ultra_ps_e_0/inst/PS8_i/PLCLK[0]                                           | design_1_i/zynq_ultra_ps_e_0/inst/pl_clk_unbuffered[0]                 |
| src1      | g1        | BSCANE2/TCK     | None       | CONFIG_SITE_X0Y0 | X3Y2         |           1 |               0 |              50.000 | dbg_hub/inst/BSCANID.u_xsdbm_id/SWITCH_N_EXT_BSCAN.bscan_inst/SERIES7_BSCAN.bscan_inst/INTERNAL_TCK | dbg_hub/inst/BSCANID.u_xsdbm_id/SWITCH_N_EXT_BSCAN.bscan_inst/SERIES7_BSCAN.bscan_inst/TCK | dbg_hub/inst/BSCANID.u_xsdbm_id/SWITCH_N_EXT_BSCAN.bscan_inst/tck_bs   |
| src2      | g2        | LUT3/O          | None       | SLICE_X55Y265    | X1Y4         |           1 |               2 |                     |                                                                                                     | design_1_i/ddr_interface_0/inst/l1_cache_z[31][15]_i_2/O                                   | design_1_i/ddr_interface_0/inst/l1_cache_z[31][15]_i_2_n_0_bufg_place  |
| src3      | g3        | LUT4/O          | None       | SLICE_X56Y266    | X1Y4         |           1 |               2 |                     |                                                                                                     | design_1_i/ddr_interface_0/inst/l1_fcache_z[30][15]_i_2/O                                  | design_1_i/ddr_interface_0/inst/l1_fcache_z[30][15]_i_2_n_0_bufg_place |
| src4      | g4        | LUT6/O          | None       | SLICE_X65Y279    | X1Y4         |           1 |               0 |                     |                                                                                                     | design_1_i/ddr_interface_0/inst/m_controller/cache_x[479]_i_1/O                            | design_1_i/ddr_interface_0/inst/m_controller/rst_1[0]_bufg_place       |
| src5      | g5        | FDSE/Q          | None       | SLICE_X66Y264    | X2Y4         |           1 |               0 |                     |                                                                                                     | design_1_i/ddr_interface_0/inst/reset_reg/Q                                                | design_1_i/ddr_interface_0/inst/reset_bufg_place                       |
| src6      | g6        | FDRE/Q          | None       | SLICE_X39Y252    | X0Y4         |           1 |               0 |                     |                                                                                                     | design_1_i/rst_ps8_0_100M/U0/ACTIVE_LOW_PR_OUT_DFF[0].FDRE_PER_N/Q                         | design_1_i/rst_ps8_0_100M/U0/peripheral_aresetn[0]_bufg_place          |
+-----------+-----------+-----------------+------------+------------------+--------------+-------------+-----------------+---------------------+-----------------------------------------------------------------------------------------------------+--------------------------------------------------------------------------------------------+------------------------------------------------------------------------+
* Clock Loads column represents the clock pin loads (pin count)
** Non-Clock Loads column represents the non-clock pin loads (pin count)


4. Clock Regions : Clock Primitives
-----------------------------------

+-------------------+---------------+---------------+---------------+---------------+---------------+---------------+---------------+
|                   |  Global Clock |     BUFGCE    |   BUFGCE_DIV  |    BUFGCTRL   |    BUFG_GT    |      MMCM     |      PLL      |
+-------------------+-------+-------+-------+-------+-------+-------+-------+-------+-------+-------+-------+-------+-------+-------+
| Clock Region Name | Used  | Avail | Used  | Avail | Used  | Avail | Used  | Avail | Used  | Avail | Used  | Avail | Used  | Avail |
+-------------------+-------+-------+-------+-------+-------+-------+-------+-------+-------+-------+-------+-------+-------+-------+
| X0Y0              |     0 |     0 |     0 |     0 |     0 |     0 |     0 |     0 |     0 |     0 |     0 |     0 |     0 |     0 |
| X1Y0              |     2 |    24 |     0 |     0 |     0 |     0 |     0 |     0 |     0 |     0 |     0 |     0 |     0 |     0 |
| X2Y0              |     3 |    24 |     0 |    24 |     0 |     4 |     0 |     8 |     0 |     0 |     0 |     1 |     0 |     2 |
| X3Y0              |     2 |    24 |     0 |     0 |     0 |     0 |     0 |     0 |     0 |    24 |     0 |     0 |     0 |     0 |
| X0Y1              |     0 |     0 |     0 |     0 |     0 |     0 |     0 |     0 |     0 |     0 |     0 |     0 |     0 |     0 |
| X1Y1              |     2 |    24 |     0 |     0 |     0 |     0 |     0 |     0 |     0 |     0 |     0 |     0 |     0 |     0 |
| X2Y1              |     3 |    24 |     1 |    24 |     0 |     4 |     0 |     8 |     0 |     0 |     0 |     1 |     0 |     2 |
| X3Y1              |     2 |    24 |     0 |     0 |     0 |     0 |     0 |     0 |     0 |    24 |     0 |     0 |     0 |     0 |
| X0Y2              |     0 |     0 |     0 |     0 |     0 |     0 |     0 |     0 |     0 |     0 |     0 |     0 |     0 |     0 |
| X1Y2              |     4 |    24 |     0 |     0 |     0 |     0 |     0 |     0 |     0 |     0 |     0 |     0 |     0 |     0 |
| X2Y2              |     4 |    24 |     0 |    24 |     0 |     4 |     0 |     8 |     0 |     0 |     0 |     1 |     0 |     2 |
| X3Y2              |     1 |    24 |     0 |     0 |     0 |     0 |     0 |     0 |     0 |    24 |     0 |     0 |     0 |     0 |
| X0Y3              |     0 |     0 |     0 |     0 |     0 |     0 |     0 |     0 |     0 |     0 |     0 |     0 |     0 |     0 |
| X1Y3              |     3 |    24 |     0 |     0 |     0 |     0 |     0 |     0 |     0 |     0 |     0 |     0 |     0 |     0 |
| X2Y3              |     4 |    24 |     0 |    24 |     0 |     4 |     0 |     8 |     0 |     0 |     0 |     1 |     0 |     2 |
| X3Y3              |     0 |    24 |     0 |     0 |     0 |     0 |     0 |     0 |     0 |    24 |     0 |     0 |     0 |     0 |
| X0Y4              |     5 |    24 |     0 |    28 |     0 |     4 |     0 |     8 |     0 |     0 |     0 |     1 |     0 |     2 |
| X1Y4              |     6 |    24 |     0 |     0 |     0 |     0 |     0 |     0 |     0 |     0 |     0 |     0 |     0 |     0 |
| X2Y4              |     6 |    24 |     4 |    24 |     0 |     4 |     0 |     8 |     0 |     0 |     0 |     1 |     0 |     2 |
| X3Y4              |     6 |    24 |     0 |     4 |     0 |     0 |     0 |     0 |     0 |    24 |     0 |     0 |     0 |     0 |
| X0Y5              |     4 |    24 |     0 |    28 |     0 |     4 |     0 |     8 |     0 |     0 |     0 |     1 |     0 |     2 |
| X1Y5              |     5 |    24 |     0 |     0 |     0 |     0 |     0 |     0 |     0 |     0 |     0 |     0 |     0 |     0 |
| X2Y5              |     6 |    24 |     1 |    24 |     0 |     4 |     0 |     8 |     0 |     0 |     0 |     1 |     0 |     2 |
| X3Y5              |     6 |    24 |     0 |     4 |     0 |     0 |     0 |     0 |     0 |    24 |     0 |     0 |     0 |     0 |
+-------------------+-------+-------+-------+-------+-------+-------+-------+-------+-------+-------+-------+-------+-------+-------+
* Global Clock column represents track count; while other columns represents cell counts


5. Clock Regions : Load Primitives
----------------------------------

+-------------------+------------------+------------------+------------------+------------------+------------------+------------------+------------------+------------------+
|                   |   Global Clock   |        FF        |      LUTRAM      |  Block RAM (18K) |       URAM       |        DSP       |        GT        |      HARD IP     |
+-------------------+--------+---------+--------+---------+--------+---------+--------+---------+--------+---------+--------+---------+--------+---------+--------+---------+
| Clock Region Name | Used   | Avail   | Used   | Avail   | Used   | Avail   | Used   | Avail   | Used   | Avail   | Used   | Avail   | Used   | Avail   | Used   | Avail   |
+-------------------+--------+---------+--------+---------+--------+---------+--------+---------+--------+---------+--------+---------+--------+---------+--------+---------+
| X0Y0              |      0 |       0 |      0 |       0 |      0 |       0 |      0 |       0 |      0 |       0 |      0 |       0 |      0 |       0 |      0 |       0 |
| X1Y0              |      2 |      24 |   3936 |   17280 |    232 |    4320 |     10 |      24 |      0 |      16 |      0 |      96 |      0 |       0 |      0 |       0 |
| X2Y0              |      3 |      24 |   2620 |   22080 |     33 |    5760 |      0 |      24 |      0 |       0 |      0 |     120 |      0 |       0 |      0 |       0 |
| X3Y0              |      2 |      24 |   1567 |   22080 |     16 |    3360 |      0 |      48 |      0 |       0 |      0 |      48 |      0 |       4 |      0 |       1 |
| X0Y1              |      0 |       0 |      0 |       0 |      0 |       0 |      0 |       0 |      0 |       0 |      0 |       0 |      0 |       0 |      0 |       0 |
| X1Y1              |      2 |      24 |   1421 |   17280 |    113 |    4320 |     12 |      24 |      0 |      16 |      0 |      96 |      0 |       0 |      0 |       0 |
| X2Y1              |      3 |      24 |    576 |   22080 |      0 |    5760 |     16 |      24 |      0 |       0 |      0 |     120 |      0 |       0 |      0 |       0 |
| X3Y1              |      2 |      24 |    258 |   22080 |      1 |    3360 |      0 |      48 |      0 |       0 |      0 |      48 |      0 |       4 |      0 |       1 |
| X0Y2              |      0 |       0 |      0 |       0 |      0 |       0 |      0 |       0 |      0 |       0 |      0 |       0 |      0 |       0 |      0 |       0 |
| X1Y2              |      4 |      24 |   2653 |   17280 |    284 |    4320 |     15 |      24 |      0 |      16 |      0 |      96 |      0 |       0 |      0 |       0 |
| X2Y2              |      4 |      24 |    376 |   22080 |      3 |    5760 |      0 |      24 |      0 |       0 |      0 |     120 |      0 |       0 |      0 |       0 |
| X3Y2              |      1 |      24 |    159 |   22080 |      0 |    3360 |      0 |      48 |      0 |       0 |      0 |      48 |      0 |       4 |      0 |       0 |
| X0Y3              |      0 |       0 |      0 |       0 |      0 |       0 |      0 |       0 |      0 |       0 |      0 |       0 |      0 |       0 |      0 |       0 |
| X1Y3              |      3 |      24 |   2247 |   17280 |    349 |    4320 |     14 |      24 |      0 |      16 |      0 |      96 |      0 |       0 |      0 |       0 |
| X2Y3              |      4 |      24 |    136 |   22080 |      1 |    5760 |      0 |      24 |      0 |       0 |      1 |     120 |      0 |       0 |      0 |       0 |
| X3Y3              |      0 |      24 |      0 |   22080 |      0 |    3360 |      0 |      48 |      0 |       0 |      0 |      48 |      0 |       4 |      0 |       0 |
| X0Y4              |      5 |      24 |   2614 |   40320 |     22 |    9120 |      0 |      24 |      0 |       0 |      1 |      48 |      0 |       0 |      0 |       0 |
| X1Y4              |      6 |      24 |   1126 |   23040 |      4 |    5760 |      0 |      24 |      0 |      16 |     11 |     120 |      0 |       0 |      0 |       0 |
| X2Y4              |      6 |      24 |   1069 |   22080 |      0 |    5760 |      0 |      24 |      0 |       0 |     20 |     120 |      0 |       0 |      0 |       0 |
| X3Y4              |      6 |      24 |   2123 |   22080 |      0 |    3360 |      0 |      48 |      0 |       0 |      0 |      48 |      0 |       4 |      0 |       0 |
| X0Y5              |      4 |      24 |   1876 |   40320 |    272 |    9120 |     16 |      24 |      0 |       0 |      0 |      48 |      0 |       0 |      0 |       0 |
| X1Y5              |      5 |      24 |   1824 |   23040 |    240 |    5760 |     13 |      24 |      0 |      16 |     11 |     120 |      0 |       0 |      0 |       0 |
| X2Y5              |      6 |      24 |   1972 |   22080 |      0 |    5760 |      0 |      24 |      0 |       0 |     15 |     120 |      0 |       0 |      0 |       0 |
| X3Y5              |      6 |      24 |   1876 |   22080 |      0 |    3360 |      0 |      48 |      0 |       0 |      1 |      48 |      0 |       4 |      0 |       0 |
+-------------------+--------+---------+--------+---------+--------+---------+--------+---------+--------+---------+--------+---------+--------+---------+--------+---------+
* Global Clock column represents track count; while other columns represents cell counts


6. Clock Regions : Global Clock Summary
---------------------------------------

All Modules
+----+----+----+----+----+
|    | X0 | X1 | X2 | X3 |
+----+----+----+----+----+
| Y5 |  4 |  5 |  6 |  6 |
| Y4 |  5 |  6 |  6 |  6 |
| Y3 |  0 |  3 |  4 |  0 |
| Y2 |  0 |  4 |  4 |  1 |
| Y1 |  0 |  2 |  4 |  2 |
| Y0 |  0 |  2 |  3 |  2 |
+----+----+----+----+----+


7. Clock Regions : Routing Resource Utilization
-----------------------------------------------

All Modules
+-------------------+----------------------+----------------------+----------------------+----------------------+
|                   |        HROUTES       |        HDISTRS       |        VROUTES       |        VDISTRS       |
+-------------------+------+-------+-------+------+-------+-------+------+-------+-------+------+-------+-------+
| Clock Region Name | Used | Avail | Util% | Used | Avail | Util% | Used | Avail | Util% | Used | Avail | Util% |
+-------------------+------+-------+-------+------+-------+-------+------+-------+-------+------+-------+-------+
| X0Y0              |    0 |     0 |  0.00 |    0 |     0 |  0.00 |    0 |     0 |  0.00 |    0 |     0 |  0.00 |
| X1Y0              |    0 |    24 |  0.00 |    2 |    24 |  8.33 |    0 |    24 |  0.00 |    1 |    24 |  4.17 |
| X2Y0              |    0 |    24 |  0.00 |    3 |    24 | 12.50 |    0 |    24 |  0.00 |    2 |    24 |  8.33 |
| X3Y0              |    0 |    24 |  0.00 |    2 |    24 |  8.33 |    0 |    24 |  0.00 |    0 |    24 |  0.00 |
| X0Y1              |    0 |     0 |  0.00 |    0 |     0 |  0.00 |    0 |     0 |  0.00 |    0 |     0 |  0.00 |
| X1Y1              |    0 |    24 |  0.00 |    2 |    24 |  8.33 |    0 |    24 |  0.00 |    1 |    24 |  4.17 |
| X2Y1              |    2 |    24 |  8.33 |    3 |    24 | 12.50 |    0 |    24 |  0.00 |    2 |    24 |  8.33 |
| X3Y1              |    0 |    24 |  0.00 |    2 |    24 |  8.33 |    0 |    24 |  0.00 |    0 |    24 |  0.00 |
| X0Y2              |    0 |     0 |  0.00 |    0 |     0 |  0.00 |    0 |     0 |  0.00 |    0 |     0 |  0.00 |
| X1Y2              |    0 |    24 |  0.00 |    4 |    24 | 16.67 |    1 |    24 |  4.17 |    1 |    24 |  4.17 |
| X2Y2              |    0 |    24 |  0.00 |    4 |    24 | 16.67 |    1 |    24 |  4.17 |    3 |    24 | 12.50 |
| X3Y2              |    0 |    24 |  0.00 |    1 |    24 |  4.17 |    0 |    24 |  0.00 |    0 |    24 |  0.00 |
| X0Y3              |    0 |     0 |  0.00 |    0 |     0 |  0.00 |    0 |     0 |  0.00 |    0 |     0 |  0.00 |
| X1Y3              |    2 |    24 |  8.33 |    3 |    24 | 12.50 |    1 |    24 |  4.17 |    1 |    24 |  4.17 |
| X2Y3              |    0 |    24 |  0.00 |    4 |    24 | 16.67 |    0 |    24 |  0.00 |    2 |    24 |  8.33 |
| X3Y3              |    0 |    24 |  0.00 |    0 |    24 |  0.00 |    0 |    24 |  0.00 |    0 |    24 |  0.00 |
| X0Y4              |    0 |    24 |  0.00 |    5 |    24 | 20.83 |    0 |    24 |  0.00 |    0 |    24 |  0.00 |
| X1Y4              |    0 |    24 |  0.00 |    6 |    24 | 25.00 |    0 |    24 |  0.00 |    1 |    24 |  4.17 |
| X2Y4              |    0 |    24 |  0.00 |    6 |    24 | 25.00 |    0 |    24 |  0.00 |    5 |    24 | 20.83 |
| X3Y4              |    0 |    24 |  0.00 |    6 |    24 | 25.00 |    0 |    24 |  0.00 |    0 |    24 |  0.00 |
| X0Y5              |    0 |    24 |  0.00 |    4 |    24 | 16.67 |    0 |    24 |  0.00 |    0 |    24 |  0.00 |
| X1Y5              |    0 |    24 |  0.00 |    5 |    24 | 20.83 |    0 |    24 |  0.00 |    0 |    24 |  0.00 |
| X2Y5              |    0 |    24 |  0.00 |    6 |    24 | 25.00 |    0 |    24 |  0.00 |    1 |    24 |  4.17 |
| X3Y5              |    0 |    24 |  0.00 |    6 |    24 | 25.00 |    0 |    24 |  0.00 |    0 |    24 |  0.00 |
+-------------------+------+-------+-------+------+-------+-------+------+-------+-------+------+-------+-------+


8. Device Cell Placement Summary for Global Clock g0
----------------------------------------------------

+-----------+-----------------+-------------------+----------+-------------+---------------+----------+-------------+----------+----------------+----------+-------------------------------------------+
| Global Id | Driver Type/Pin | Driver Region (D) | Clock    | Period (ns) | Waveform (ns) | Root (R) | Slice Loads | IO Loads | Clocking Loads | GT Loads | Net                                       |
+-----------+-----------------+-------------------+----------+-------------+---------------+----------+-------------+----------+----------------+----------+-------------------------------------------+
| g0        | BUFG_PS/O       | X1Y3              | clk_pl_0 |      10.000 | {0.000 5.000} | X1Y2     |       31650 |        0 |              0 |        0 | design_1_i/zynq_ultra_ps_e_0/inst/pl_clk0 |
+-----------+-----------------+-------------------+----------+-------------+---------------+----------+-------------+----------+----------------+----------+-------------------------------------------+
* Slice Loads column represents load cell count of all cell types other than IO, GT and clock resources
** IO Loads column represents load cell count of IO types
*** Clocking Loads column represents load cell count that are clock resources (global clock buffer, MMCM, PLL, etc)
**** GT Loads column represents load cell count of GT types


+----+-------+-----------+-------+-------+-----------------------+
|    | X0    | X1        | X2    | X3    | HORIZONTAL PROG DELAY |
+----+-------+-----------+-------+-------+-----------------------+
| Y5 |  2156 |      2082 |  1987 |  1877 |                     0 |
| Y4 |  2637 |      1141 |  1089 |  2123 |                     1 |
| Y3 |     0 |  (D) 2538 |   138 |     0 |                     2 |
| Y2 |     0 |  (R) 2725 |   362 |     0 |                     2 |
| Y1 |     1 |      1542 |   584 |   259 |                     1 |
| Y0 |     0 |      4173 |  2653 |  1583 |                     0 |
+----+-------+-----------+-------+-------+-----------------------+


9. Device Cell Placement Summary for Global Clock g1
----------------------------------------------------

+-----------+-----------------+-------------------+-----------------------------------------------------------------------------------------------------+-------------+----------------+----------+-------------+----------+----------------+----------+----------------------------------------+
| Global Id | Driver Type/Pin | Driver Region (D) | Clock                                                                                               | Period (ns) | Waveform (ns)  | Root (R) | Slice Loads | IO Loads | Clocking Loads | GT Loads | Net                                    |
+-----------+-----------------+-------------------+-----------------------------------------------------------------------------------------------------+-------------+----------------+----------+-------------+----------+----------------+----------+----------------------------------------+
| g1        | BUFGCE/O        | X2Y1              | dbg_hub/inst/BSCANID.u_xsdbm_id/SWITCH_N_EXT_BSCAN.bscan_inst/SERIES7_BSCAN.bscan_inst/INTERNAL_TCK |      50.000 | {0.000 25.000} | X2Y2     |         461 |        0 |              0 |        0 | dbg_hub/inst/BSCANID.u_xsdbm_id/itck_i |
+-----------+-----------------+-------------------+-----------------------------------------------------------------------------------------------------+-------------+----------------+----------+-------------+----------+----------------+----------+----------------------------------------+
* Slice Loads column represents load cell count of all cell types other than IO, GT and clock resources
** IO Loads column represents load cell count of IO types
*** Clocking Loads column represents load cell count that are clock resources (global clock buffer, MMCM, PLL, etc)
**** GT Loads column represents load cell count of GT types


+----+----+------+--------+------+-----------------------+
|    | X0 | X1   | X2     | X3   | HORIZONTAL PROG DELAY |
+----+----+------+--------+------+-----------------------+
| Y5 |  0 |    0 |      0 |    0 |                     0 |
| Y4 |  0 |    0 |      0 |    0 |                     0 |
| Y3 |  0 |   65 |      0 |    0 |                     0 |
| Y2 |  0 |  220 | (R) 17 |  159 |                     0 |
| Y1 |  0 |    0 |  (D) 0 |    0 |                     0 |
| Y0 |  0 |    0 |      0 |    0 |                     0 |
+----+----+------+--------+------+-----------------------+


10. Device Cell Placement Summary for Global Clock g2
-----------------------------------------------------

+-----------+-----------------+-------------------+-------+-------------+---------------+----------+-------------+----------+----------------+----------+------------------------------------------------------------+
| Global Id | Driver Type/Pin | Driver Region (D) | Clock | Period (ns) | Waveform (ns) | Root (R) | Slice Loads | IO Loads | Clocking Loads | GT Loads | Net                                                        |
+-----------+-----------------+-------------------+-------+-------------+---------------+----------+-------------+----------+----------------+----------+------------------------------------------------------------+
| g2        | BUFGCE/O        | X2Y4              |       |             |               | X2Y4     |        1134 |        0 |              0 |        0 | design_1_i/ddr_interface_0/inst/l1_cache_z[31][15]_i_2_n_0 |
+-----------+-----------------+-------------------+-------+-------------+---------------+----------+-------------+----------+----------------+----------+------------------------------------------------------------+
* Slice Loads column represents load cell count of all cell types other than IO, GT and clock resources
** IO Loads column represents load cell count of IO types
*** Clocking Loads column represents load cell count that are clock resources (global clock buffer, MMCM, PLL, etc)
**** GT Loads column represents load cell count of GT types


+----+------+------+------------+------+-----------------------+
|    | X0   | X1   | X2         | X3   | HORIZONTAL PROG DELAY |
+----+------+------+------------+------+-----------------------+
| Y5 |   89 |  117 |        192 |  250 |                     0 |
| Y4 |  118 |   80 | (R) (D) 40 |  248 |                     0 |
| Y3 |    0 |    0 |          0 |    0 |                     0 |
| Y2 |    0 |    0 |          0 |    0 |                     0 |
| Y1 |    0 |    0 |          0 |    0 |                     0 |
| Y0 |    0 |    0 |          0 |    0 |                     0 |
+----+------+------+------------+------+-----------------------+


11. Device Cell Placement Summary for Global Clock g3
-----------------------------------------------------

+-----------+-----------------+-------------------+-------+-------------+---------------+----------+-------------+----------+----------------+----------+-------------------------------------------------------------+
| Global Id | Driver Type/Pin | Driver Region (D) | Clock | Period (ns) | Waveform (ns) | Root (R) | Slice Loads | IO Loads | Clocking Loads | GT Loads | Net                                                         |
+-----------+-----------------+-------------------+-------+-------------+---------------+----------+-------------+----------+----------------+----------+-------------------------------------------------------------+
| g3        | BUFGCE/O        | X2Y4              |       |             |               | X2Y4     |        1008 |        0 |              0 |        0 | design_1_i/ddr_interface_0/inst/l1_fcache_z[30][15]_i_2_n_0 |
+-----------+-----------------+-------------------+-------+-------------+---------------+----------+-------------+----------+----------------+----------+-------------------------------------------------------------+
* Slice Loads column represents load cell count of all cell types other than IO, GT and clock resources
** IO Loads column represents load cell count of IO types
*** Clocking Loads column represents load cell count that are clock resources (global clock buffer, MMCM, PLL, etc)
**** GT Loads column represents load cell count of GT types


+----+------+------+------------+------+-----------------------+
|    | X0   | X1   | X2         | X3   | HORIZONTAL PROG DELAY |
+----+------+------+------------+------+-----------------------+
| Y5 |   99 |  146 |        188 |    8 |                     0 |
| Y4 |  144 |   87 | (R) (D) 36 |  300 |                     0 |
| Y3 |    0 |    0 |          0 |    0 |                     0 |
| Y2 |    0 |    0 |          0 |    0 |                     0 |
| Y1 |    0 |    0 |          0 |    0 |                     0 |
| Y0 |    0 |    0 |          0 |    0 |                     0 |
+----+------+------+------------+------+-----------------------+


12. Device Cell Placement Summary for Global Clock g4
-----------------------------------------------------

+-----------+-----------------+-------------------+-------+-------------+---------------+----------+-------------+----------+----------------+----------+-------------------------------------------------------+
| Global Id | Driver Type/Pin | Driver Region (D) | Clock | Period (ns) | Waveform (ns) | Root (R) | Slice Loads | IO Loads | Clocking Loads | GT Loads | Net                                                   |
+-----------+-----------------+-------------------+-------+-------------+---------------+----------+-------------+----------+----------------+----------+-------------------------------------------------------+
| g4        | BUFGCE/O        | X2Y5              |       |             |               | X2Y5     |        1890 |        0 |              0 |        0 | design_1_i/ddr_interface_0/inst/m_controller/rst_1[0] |
+-----------+-----------------+-------------------+-------+-------------+---------------+----------+-------------+----------+----------------+----------+-------------------------------------------------------+
* Slice Loads column represents load cell count of all cell types other than IO, GT and clock resources
** IO Loads column represents load cell count of IO types
*** Clocking Loads column represents load cell count that are clock resources (global clock buffer, MMCM, PLL, etc)
**** GT Loads column represents load cell count of GT types


+----+------+------+-------------+------+-----------------------+
|    | X0   | X1   | X2          | X3   | HORIZONTAL PROG DELAY |
+----+------+------+-------------+------+-----------------------+
| Y5 |  141 |  198 | (R) (D) 303 |  442 |                     0 |
| Y4 |  198 |  128 |          80 |  400 |                     0 |
| Y3 |    0 |    0 |           0 |    0 |                     0 |
| Y2 |    0 |    0 |           0 |    0 |                     0 |
| Y1 |    0 |    0 |           0 |    0 |                     0 |
| Y0 |    0 |    0 |           0 |    0 |                     0 |
+----+------+------+-------------+------+-----------------------+


13. Device Cell Placement Summary for Global Clock g5
-----------------------------------------------------

+-----------+-----------------+-------------------+-------+-------------+---------------+----------+-------------+----------+----------------+----------+---------------------------------------+
| Global Id | Driver Type/Pin | Driver Region (D) | Clock | Period (ns) | Waveform (ns) | Root (R) | Slice Loads | IO Loads | Clocking Loads | GT Loads | Net                                   |
+-----------+-----------------+-------------------+-------+-------------+---------------+----------+-------------+----------+----------------+----------+---------------------------------------+
| g5        | BUFGCE/O        | X2Y4              |       |             |               | X2Y4     |        3427 |        0 |              0 |        0 | design_1_i/ddr_interface_0/inst/reset |
+-----------+-----------------+-------------------+-------+-------------+---------------+----------+-------------+----------+----------------+----------+---------------------------------------+
* Slice Loads column represents load cell count of all cell types other than IO, GT and clock resources
** IO Loads column represents load cell count of IO types
*** Clocking Loads column represents load cell count that are clock resources (global clock buffer, MMCM, PLL, etc)
**** GT Loads column represents load cell count of GT types


+----+----+------+-------------+------+-----------------------+
|    | X0 | X1   | X2          | X3   | HORIZONTAL PROG DELAY |
+----+----+------+-------------+------+-----------------------+
| Y5 |  0 |  219 |         428 |  463 |                     0 |
| Y4 |  0 |  105 | (R) (D) 383 |  292 |                     0 |
| Y3 |  0 |    0 |           1 |    0 |                     0 |
| Y2 |  0 |   51 |          11 |    0 |                     0 |
| Y1 |  0 |    0 |         529 |  194 |                     0 |
| Y0 |  0 |    0 |         576 |  175 |                     0 |
+----+----+------+-------------+------+-----------------------+


14. Device Cell Placement Summary for Global Clock g6
-----------------------------------------------------

+-----------+-----------------+-------------------+-------+-------------+---------------+----------+-------------+----------+----------------+----------+----------------------------------------------------+
| Global Id | Driver Type/Pin | Driver Region (D) | Clock | Period (ns) | Waveform (ns) | Root (R) | Slice Loads | IO Loads | Clocking Loads | GT Loads | Net                                                |
+-----------+-----------------+-------------------+-------+-------------+---------------+----------+-------------+----------+----------------+----------+----------------------------------------------------+
| g6        | BUFGCE/O        | X2Y4              |       |             |               | X2Y4     |        1121 |        0 |              0 |        0 | design_1_i/rst_ps8_0_100M/U0/peripheral_aresetn[0] |
+-----------+-----------------+-------------------+-------+-------------+---------------+----------+-------------+----------+----------------+----------+----------------------------------------------------+
* Slice Loads column represents load cell count of all cell types other than IO, GT and clock resources
** IO Loads column represents load cell count of IO types
*** Clocking Loads column represents load cell count that are clock resources (global clock buffer, MMCM, PLL, etc)
**** GT Loads column represents load cell count of GT types


+----+------+------+------------+-----+-----------------------+
|    | X0   | X1   | X2         | X3  | HORIZONTAL PROG DELAY |
+----+------+------+------------+-----+-----------------------+
| Y5 |    0 |    0 |         20 |  21 |                     0 |
| Y4 |  476 |    1 | (R) (D) 20 |   2 |                     0 |
| Y3 |    0 |   11 |          0 |   0 |                     0 |
| Y2 |    0 |  234 |          0 |   0 |                     0 |
| Y1 |    0 |   32 |          0 |   0 |                     0 |
| Y0 |    0 |  304 |          0 |   0 |                     0 |
+----+------+------+------------+-----+-----------------------+


15. Clock Region Cell Placement per Global Clock: Region X1Y0
-------------------------------------------------------------

+-----------+-------+-----------------+------------+-------------+-----------------+------+--------+------+------+-----+----+------+-----+---------+----------------------------------------------------+
| Global Id | Track | Driver Type/Pin | Constraint | Clock Loads | Non-Clock Loads | FF   | LUTRAM | RAMB | URAM | DSP | GT | MMCM | PLL | Hard IP | Net                                                |
+-----------+-------+-----------------+------------+-------------+-----------------+------+--------+------+------+-----+----+------+-----+---------+----------------------------------------------------+
| g0        | 16    | BUFG_PS/O       | None       |        4173 |               0 | 3936 |    232 |    5 |    0 |   0 |  0 |    0 |   0 |       0 | design_1_i/zynq_ultra_ps_e_0/inst/pl_clk0          |
| g6        | 8     | BUFGCE/O        | None       |           0 |             304 |  304 |      0 |    0 |    0 |   0 |  0 |    0 |   0 |       0 | design_1_i/rst_ps8_0_100M/U0/peripheral_aresetn[0] |
+-----------+-------+-----------------+------------+-------------+-----------------+------+--------+------+------+-----+----+------+-----+---------+----------------------------------------------------+
* Clock Loads column represents the clock pin loads (pin count)
** Non-Clock Loads column represents the non-clock pin loads (pin count)
*** Columns FF, LUTRAM, RAMB through 'Hard IP' represents load cell counts


16. Clock Region Cell Placement per Global Clock: Region X2Y0
-------------------------------------------------------------

+-----------+-------+-----------------+------------+-------------+-----------------+------+--------+------+------+-----+----+------+-----+---------+----------------------------------------------------+
| Global Id | Track | Driver Type/Pin | Constraint | Clock Loads | Non-Clock Loads | FF   | LUTRAM | RAMB | URAM | DSP | GT | MMCM | PLL | Hard IP | Net                                                |
+-----------+-------+-----------------+------------+-------------+-----------------+------+--------+------+------+-----+----+------+-----+---------+----------------------------------------------------+
| g0        | 16    | BUFG_PS/O       | None       |        2653 |               0 | 2620 |     33 |    0 |    0 |   0 |  0 |    0 |   0 |       0 | design_1_i/zynq_ultra_ps_e_0/inst/pl_clk0          |
| g5        | 20    | BUFGCE/O        | None       |           0 |             576 |  576 |      0 |    0 |    0 |   0 |  0 |    0 |   0 |       0 | design_1_i/ddr_interface_0/inst/reset              |
| g6+       | 8     | BUFGCE/O        | None       |           0 |               0 |    0 |      0 |    0 |    0 |   0 |  0 |    0 |   0 |       0 | design_1_i/rst_ps8_0_100M/U0/peripheral_aresetn[0] |
+-----------+-------+-----------------+------------+-------------+-----------------+------+--------+------+------+-----+----+------+-----+---------+----------------------------------------------------+
* Clock Loads column represents the clock pin loads (pin count)
** Non-Clock Loads column represents the non-clock pin loads (pin count)
*** Columns FF, LUTRAM, RAMB through 'Hard IP' represents load cell counts
**** In Global Id column, sympbol '+' indicates that global clock was used only to route through the clock region.


17. Clock Region Cell Placement per Global Clock: Region X3Y0
-------------------------------------------------------------

+-----------+-------+-----------------+------------+-------------+-----------------+------+--------+------+------+-----+----+------+-----+---------+-------------------------------------------+
| Global Id | Track | Driver Type/Pin | Constraint | Clock Loads | Non-Clock Loads | FF   | LUTRAM | RAMB | URAM | DSP | GT | MMCM | PLL | Hard IP | Net                                       |
+-----------+-------+-----------------+------------+-------------+-----------------+------+--------+------+------+-----+----+------+-----+---------+-------------------------------------------+
| g0        | 16    | BUFG_PS/O       | None       |        1583 |               0 | 1567 |     16 |    0 |    0 |   0 |  0 |    0 |   0 |       0 | design_1_i/zynq_ultra_ps_e_0/inst/pl_clk0 |
| g5        | 20    | BUFGCE/O        | None       |           0 |             175 |  175 |      0 |    0 |    0 |   0 |  0 |    0 |   0 |       0 | design_1_i/ddr_interface_0/inst/reset     |
+-----------+-------+-----------------+------------+-------------+-----------------+------+--------+------+------+-----+----+------+-----+---------+-------------------------------------------+
* Clock Loads column represents the clock pin loads (pin count)
** Non-Clock Loads column represents the non-clock pin loads (pin count)
*** Columns FF, LUTRAM, RAMB through 'Hard IP' represents load cell counts


18. Clock Region Cell Placement per Global Clock: Region X1Y1
-------------------------------------------------------------

+-----------+-------+-----------------+------------+-------------+-----------------+------+--------+------+------+-----+----+------+-----+---------+----------------------------------------------------+
| Global Id | Track | Driver Type/Pin | Constraint | Clock Loads | Non-Clock Loads | FF   | LUTRAM | RAMB | URAM | DSP | GT | MMCM | PLL | Hard IP | Net                                                |
+-----------+-------+-----------------+------------+-------------+-----------------+------+--------+------+------+-----+----+------+-----+---------+----------------------------------------------------+
| g0        | 16    | BUFG_PS/O       | None       |        1542 |               0 | 1421 |    113 |    8 |    0 |   0 |  0 |    0 |   0 |       0 | design_1_i/zynq_ultra_ps_e_0/inst/pl_clk0          |
| g6        | 8     | BUFGCE/O        | None       |           0 |              32 |   32 |      0 |    0 |    0 |   0 |  0 |    0 |   0 |       0 | design_1_i/rst_ps8_0_100M/U0/peripheral_aresetn[0] |
+-----------+-------+-----------------+------------+-------------+-----------------+------+--------+------+------+-----+----+------+-----+---------+----------------------------------------------------+
* Clock Loads column represents the clock pin loads (pin count)
** Non-Clock Loads column represents the non-clock pin loads (pin count)
*** Columns FF, LUTRAM, RAMB through 'Hard IP' represents load cell counts


19. Clock Region Cell Placement per Global Clock: Region X2Y1
-------------------------------------------------------------

+-----------+-------+-----------------+------------+-------------+-----------------+-----+--------+------+------+-----+----+------+-----+---------+----------------------------------------------------+
| Global Id | Track | Driver Type/Pin | Constraint | Clock Loads | Non-Clock Loads | FF  | LUTRAM | RAMB | URAM | DSP | GT | MMCM | PLL | Hard IP | Net                                                |
+-----------+-------+-----------------+------------+-------------+-----------------+-----+--------+------+------+-----+----+------+-----+---------+----------------------------------------------------+
| g0        | 16    | BUFG_PS/O       | None       |         584 |               0 | 576 |      0 |    8 |    0 |   0 |  0 |    0 |   0 |       0 | design_1_i/zynq_ultra_ps_e_0/inst/pl_clk0          |
| g1+       | 14    | BUFGCE/O        | None       |           0 |               0 |   0 |      0 |    0 |    0 |   0 |  0 |    0 |   0 |       0 | dbg_hub/inst/BSCANID.u_xsdbm_id/itck_i             |
| g5        | 20    | BUFGCE/O        | None       |           0 |             529 | 529 |      0 |    0 |    0 |   0 |  0 |    0 |   0 |       0 | design_1_i/ddr_interface_0/inst/reset              |
| g6+       | 8     | BUFGCE/O        | None       |           0 |               0 |   0 |      0 |    0 |    0 |   0 |  0 |    0 |   0 |       0 | design_1_i/rst_ps8_0_100M/U0/peripheral_aresetn[0] |
+-----------+-------+-----------------+------------+-------------+-----------------+-----+--------+------+------+-----+----+------+-----+---------+----------------------------------------------------+
* Clock Loads column represents the clock pin loads (pin count)
** Non-Clock Loads column represents the non-clock pin loads (pin count)
*** Columns FF, LUTRAM, RAMB through 'Hard IP' represents load cell counts
**** In Global Id column, sympbol '+' indicates that global clock was used only to route through the clock region.


20. Clock Region Cell Placement per Global Clock: Region X3Y1
-------------------------------------------------------------

+-----------+-------+-----------------+------------+-------------+-----------------+-----+--------+------+------+-----+----+------+-----+---------+-------------------------------------------+
| Global Id | Track | Driver Type/Pin | Constraint | Clock Loads | Non-Clock Loads | FF  | LUTRAM | RAMB | URAM | DSP | GT | MMCM | PLL | Hard IP | Net                                       |
+-----------+-------+-----------------+------------+-------------+-----------------+-----+--------+------+------+-----+----+------+-----+---------+-------------------------------------------+
| g0        | 16    | BUFG_PS/O       | None       |         259 |               0 | 258 |      1 |    0 |    0 |   0 |  0 |    0 |   0 |       0 | design_1_i/zynq_ultra_ps_e_0/inst/pl_clk0 |
| g5        | 20    | BUFGCE/O        | None       |           0 |             194 | 194 |      0 |    0 |    0 |   0 |  0 |    0 |   0 |       0 | design_1_i/ddr_interface_0/inst/reset     |
+-----------+-------+-----------------+------------+-------------+-----------------+-----+--------+------+------+-----+----+------+-----+---------+-------------------------------------------+
* Clock Loads column represents the clock pin loads (pin count)
** Non-Clock Loads column represents the non-clock pin loads (pin count)
*** Columns FF, LUTRAM, RAMB through 'Hard IP' represents load cell counts


21. Clock Region Cell Placement per Global Clock: Region X1Y2
-------------------------------------------------------------

+-----------+-------+-----------------+------------+-------------+-----------------+------+--------+------+------+-----+----+------+-----+---------+----------------------------------------------------+
| Global Id | Track | Driver Type/Pin | Constraint | Clock Loads | Non-Clock Loads | FF   | LUTRAM | RAMB | URAM | DSP | GT | MMCM | PLL | Hard IP | Net                                                |
+-----------+-------+-----------------+------------+-------------+-----------------+------+--------+------+------+-----+----+------+-----+---------+----------------------------------------------------+
| g0        | 16    | BUFG_PS/O       | None       |        2725 |               0 | 2433 |    284 |    8 |    0 |   0 |  0 |    0 |   0 |       0 | design_1_i/zynq_ultra_ps_e_0/inst/pl_clk0          |
| g1        | 14    | BUFGCE/O        | None       |         220 |               0 |  220 |      0 |    0 |    0 |   0 |  0 |    0 |   0 |       0 | dbg_hub/inst/BSCANID.u_xsdbm_id/itck_i             |
| g5        | 20    | BUFGCE/O        | None       |           0 |              51 |   51 |      0 |    0 |    0 |   0 |  0 |    0 |   0 |       0 | design_1_i/ddr_interface_0/inst/reset              |
| g6        | 8     | BUFGCE/O        | None       |           0 |             234 |  234 |      0 |    0 |    0 |   0 |  0 |    0 |   0 |       0 | design_1_i/rst_ps8_0_100M/U0/peripheral_aresetn[0] |
+-----------+-------+-----------------+------------+-------------+-----------------+------+--------+------+------+-----+----+------+-----+---------+----------------------------------------------------+
* Clock Loads column represents the clock pin loads (pin count)
** Non-Clock Loads column represents the non-clock pin loads (pin count)
*** Columns FF, LUTRAM, RAMB through 'Hard IP' represents load cell counts


22. Clock Region Cell Placement per Global Clock: Region X2Y2
-------------------------------------------------------------

+-----------+-------+-----------------+------------+-------------+-----------------+-----+--------+------+------+-----+----+------+-----+---------+----------------------------------------------------+
| Global Id | Track | Driver Type/Pin | Constraint | Clock Loads | Non-Clock Loads | FF  | LUTRAM | RAMB | URAM | DSP | GT | MMCM | PLL | Hard IP | Net                                                |
+-----------+-------+-----------------+------------+-------------+-----------------+-----+--------+------+------+-----+----+------+-----+---------+----------------------------------------------------+
| g0        | 16    | BUFG_PS/O       | None       |         362 |               0 | 359 |      3 |    0 |    0 |   0 |  0 |    0 |   0 |       0 | design_1_i/zynq_ultra_ps_e_0/inst/pl_clk0          |
| g1        | 14    | BUFGCE/O        | None       |          17 |               0 |  17 |      0 |    0 |    0 |   0 |  0 |    0 |   0 |       0 | dbg_hub/inst/BSCANID.u_xsdbm_id/itck_i             |
| g5        | 20    | BUFGCE/O        | None       |           0 |              11 |  11 |      0 |    0 |    0 |   0 |  0 |    0 |   0 |       0 | design_1_i/ddr_interface_0/inst/reset              |
| g6+       | 8     | BUFGCE/O        | None       |           0 |               0 |   0 |      0 |    0 |    0 |   0 |  0 |    0 |   0 |       0 | design_1_i/rst_ps8_0_100M/U0/peripheral_aresetn[0] |
+-----------+-------+-----------------+------------+-------------+-----------------+-----+--------+------+------+-----+----+------+-----+---------+----------------------------------------------------+
* Clock Loads column represents the clock pin loads (pin count)
** Non-Clock Loads column represents the non-clock pin loads (pin count)
*** Columns FF, LUTRAM, RAMB through 'Hard IP' represents load cell counts
**** In Global Id column, sympbol '+' indicates that global clock was used only to route through the clock region.


23. Clock Region Cell Placement per Global Clock: Region X3Y2
-------------------------------------------------------------

+-----------+-------+-----------------+------------+-------------+-----------------+-----+--------+------+------+-----+----+------+-----+---------+----------------------------------------+
| Global Id | Track | Driver Type/Pin | Constraint | Clock Loads | Non-Clock Loads | FF  | LUTRAM | RAMB | URAM | DSP | GT | MMCM | PLL | Hard IP | Net                                    |
+-----------+-------+-----------------+------------+-------------+-----------------+-----+--------+------+------+-----+----+------+-----+---------+----------------------------------------+
| g1        | 14    | BUFGCE/O        | None       |         159 |               0 | 159 |      0 |    0 |    0 |   0 |  0 |    0 |   0 |       0 | dbg_hub/inst/BSCANID.u_xsdbm_id/itck_i |
+-----------+-------+-----------------+------------+-------------+-----------------+-----+--------+------+------+-----+----+------+-----+---------+----------------------------------------+
* Clock Loads column represents the clock pin loads (pin count)
** Non-Clock Loads column represents the non-clock pin loads (pin count)
*** Columns FF, LUTRAM, RAMB through 'Hard IP' represents load cell counts


24. Clock Region Cell Placement per Global Clock: Region X1Y3
-------------------------------------------------------------

+-----------+-------+-----------------+------------+-------------+-----------------+------+--------+------+------+-----+----+------+-----+---------+----------------------------------------------------+
| Global Id | Track | Driver Type/Pin | Constraint | Clock Loads | Non-Clock Loads | FF   | LUTRAM | RAMB | URAM | DSP | GT | MMCM | PLL | Hard IP | Net                                                |
+-----------+-------+-----------------+------------+-------------+-----------------+------+--------+------+------+-----+----+------+-----+---------+----------------------------------------------------+
| g0        | 16    | BUFG_PS/O       | None       |        2538 |               0 | 2185 |    346 |    7 |    0 |   0 |  0 |    0 |   0 |       0 | design_1_i/zynq_ultra_ps_e_0/inst/pl_clk0          |
| g1        | 14    | BUFGCE/O        | None       |          65 |               0 |   62 |      3 |    0 |    0 |   0 |  0 |    0 |   0 |       0 | dbg_hub/inst/BSCANID.u_xsdbm_id/itck_i             |
| g6        | 8     | BUFGCE/O        | None       |           0 |              11 |   11 |      0 |    0 |    0 |   0 |  0 |    0 |   0 |       0 | design_1_i/rst_ps8_0_100M/U0/peripheral_aresetn[0] |
+-----------+-------+-----------------+------------+-------------+-----------------+------+--------+------+------+-----+----+------+-----+---------+----------------------------------------------------+
* Clock Loads column represents the clock pin loads (pin count)
** Non-Clock Loads column represents the non-clock pin loads (pin count)
*** Columns FF, LUTRAM, RAMB through 'Hard IP' represents load cell counts


25. Clock Region Cell Placement per Global Clock: Region X2Y3
-------------------------------------------------------------

+-----------+-------+-----------------+------------+-------------+-----------------+-----+--------+------+------+-----+----+------+-----+---------+----------------------------------------------------+
| Global Id | Track | Driver Type/Pin | Constraint | Clock Loads | Non-Clock Loads | FF  | LUTRAM | RAMB | URAM | DSP | GT | MMCM | PLL | Hard IP | Net                                                |
+-----------+-------+-----------------+------------+-------------+-----------------+-----+--------+------+------+-----+----+------+-----+---------+----------------------------------------------------+
| g0        | 16    | BUFG_PS/O       | None       |         138 |               0 | 136 |      1 |    0 |    0 |   1 |  0 |    0 |   0 |       0 | design_1_i/zynq_ultra_ps_e_0/inst/pl_clk0          |
| g1+       | 14    | BUFGCE/O        | None       |           0 |               0 |   0 |      0 |    0 |    0 |   0 |  0 |    0 |   0 |       0 | dbg_hub/inst/BSCANID.u_xsdbm_id/itck_i             |
| g5        | 20    | BUFGCE/O        | None       |           0 |               1 |   1 |      0 |    0 |    0 |   0 |  0 |    0 |   0 |       0 | design_1_i/ddr_interface_0/inst/reset              |
| g6+       | 8     | BUFGCE/O        | None       |           0 |               0 |   0 |      0 |    0 |    0 |   0 |  0 |    0 |   0 |       0 | design_1_i/rst_ps8_0_100M/U0/peripheral_aresetn[0] |
+-----------+-------+-----------------+------------+-------------+-----------------+-----+--------+------+------+-----+----+------+-----+---------+----------------------------------------------------+
* Clock Loads column represents the clock pin loads (pin count)
** Non-Clock Loads column represents the non-clock pin loads (pin count)
*** Columns FF, LUTRAM, RAMB through 'Hard IP' represents load cell counts
**** In Global Id column, sympbol '+' indicates that global clock was used only to route through the clock region.


26. Clock Region Cell Placement per Global Clock: Region X0Y4
-------------------------------------------------------------

+-----------+-------+-----------------+------------+-------------+-----------------+------+--------+------+------+-----+----+------+-----+---------+-------------------------------------------------------------+
| Global Id | Track | Driver Type/Pin | Constraint | Clock Loads | Non-Clock Loads | FF   | LUTRAM | RAMB | URAM | DSP | GT | MMCM | PLL | Hard IP | Net                                                         |
+-----------+-------+-----------------+------------+-------------+-----------------+------+--------+------+------+-----+----+------+-----+---------+-------------------------------------------------------------+
| g0        | 16    | BUFG_PS/O       | None       |        2637 |               0 | 2614 |     22 |    0 |    0 |   1 |  0 |    0 |   0 |       0 | design_1_i/zynq_ultra_ps_e_0/inst/pl_clk0                   |
| g2        | 0     | BUFGCE/O        | None       |           0 |             118 |  118 |      0 |    0 |    0 |   0 |  0 |    0 |   0 |       0 | design_1_i/ddr_interface_0/inst/l1_cache_z[31][15]_i_2_n_0  |
| g3        | 1     | BUFGCE/O        | None       |           0 |             144 |  144 |      0 |    0 |    0 |   0 |  0 |    0 |   0 |       0 | design_1_i/ddr_interface_0/inst/l1_fcache_z[30][15]_i_2_n_0 |
| g4        | 2     | BUFGCE/O        | None       |           0 |             198 |  198 |      0 |    0 |    0 |   0 |  0 |    0 |   0 |       0 | design_1_i/ddr_interface_0/inst/m_controller/rst_1[0]       |
| g6        | 8     | BUFGCE/O        | None       |           0 |             476 |  476 |      0 |    0 |    0 |   0 |  0 |    0 |   0 |       0 | design_1_i/rst_ps8_0_100M/U0/peripheral_aresetn[0]          |
+-----------+-------+-----------------+------------+-------------+-----------------+------+--------+------+------+-----+----+------+-----+---------+-------------------------------------------------------------+
* Clock Loads column represents the clock pin loads (pin count)
** Non-Clock Loads column represents the non-clock pin loads (pin count)
*** Columns FF, LUTRAM, RAMB through 'Hard IP' represents load cell counts


27. Clock Region Cell Placement per Global Clock: Region X1Y4
-------------------------------------------------------------

+-----------+-------+-----------------+------------+-------------+-----------------+------+--------+------+------+-----+----+------+-----+---------+-------------------------------------------------------------+
| Global Id | Track | Driver Type/Pin | Constraint | Clock Loads | Non-Clock Loads | FF   | LUTRAM | RAMB | URAM | DSP | GT | MMCM | PLL | Hard IP | Net                                                         |
+-----------+-------+-----------------+------------+-------------+-----------------+------+--------+------+------+-----+----+------+-----+---------+-------------------------------------------------------------+
| g0        | 16    | BUFG_PS/O       | None       |        1141 |               0 | 1126 |      4 |    0 |    0 |  11 |  0 |    0 |   0 |       0 | design_1_i/zynq_ultra_ps_e_0/inst/pl_clk0                   |
| g2        | 0     | BUFGCE/O        | None       |           0 |              80 |   80 |      0 |    0 |    0 |   0 |  0 |    0 |   0 |       0 | design_1_i/ddr_interface_0/inst/l1_cache_z[31][15]_i_2_n_0  |
| g3        | 1     | BUFGCE/O        | None       |           0 |              87 |   87 |      0 |    0 |    0 |   0 |  0 |    0 |   0 |       0 | design_1_i/ddr_interface_0/inst/l1_fcache_z[30][15]_i_2_n_0 |
| g4        | 2     | BUFGCE/O        | None       |           0 |             128 |  128 |      0 |    0 |    0 |   0 |  0 |    0 |   0 |       0 | design_1_i/ddr_interface_0/inst/m_controller/rst_1[0]       |
| g5        | 20    | BUFGCE/O        | None       |           0 |             105 |  105 |      0 |    0 |    0 |   0 |  0 |    0 |   0 |       0 | design_1_i/ddr_interface_0/inst/reset                       |
| g6        | 8     | BUFGCE/O        | None       |           0 |               1 |    1 |      0 |    0 |    0 |   0 |  0 |    0 |   0 |       0 | design_1_i/rst_ps8_0_100M/U0/peripheral_aresetn[0]          |
+-----------+-------+-----------------+------------+-------------+-----------------+------+--------+------+------+-----+----+------+-----+---------+-------------------------------------------------------------+
* Clock Loads column represents the clock pin loads (pin count)
** Non-Clock Loads column represents the non-clock pin loads (pin count)
*** Columns FF, LUTRAM, RAMB through 'Hard IP' represents load cell counts


28. Clock Region Cell Placement per Global Clock: Region X2Y4
-------------------------------------------------------------

+-----------+-------+-----------------+------------+-------------+-----------------+------+--------+------+------+-----+----+------+-----+---------+-------------------------------------------------------------+
| Global Id | Track | Driver Type/Pin | Constraint | Clock Loads | Non-Clock Loads | FF   | LUTRAM | RAMB | URAM | DSP | GT | MMCM | PLL | Hard IP | Net                                                         |
+-----------+-------+-----------------+------------+-------------+-----------------+------+--------+------+------+-----+----+------+-----+---------+-------------------------------------------------------------+
| g0        | 16    | BUFG_PS/O       | None       |        1089 |               0 | 1069 |      0 |    0 |    0 |  20 |  0 |    0 |   0 |       0 | design_1_i/zynq_ultra_ps_e_0/inst/pl_clk0                   |
| g2        | 0     | BUFGCE/O        | None       |           0 |              40 |   40 |      0 |    0 |    0 |   0 |  0 |    0 |   0 |       0 | design_1_i/ddr_interface_0/inst/l1_cache_z[31][15]_i_2_n_0  |
| g3        | 1     | BUFGCE/O        | None       |           0 |              36 |   36 |      0 |    0 |    0 |   0 |  0 |    0 |   0 |       0 | design_1_i/ddr_interface_0/inst/l1_fcache_z[30][15]_i_2_n_0 |
| g4        | 2     | BUFGCE/O        | None       |           0 |              80 |   80 |      0 |    0 |    0 |   0 |  0 |    0 |   0 |       0 | design_1_i/ddr_interface_0/inst/m_controller/rst_1[0]       |
| g5        | 20    | BUFGCE/O        | None       |           0 |             383 |  383 |      0 |    0 |    0 |   0 |  0 |    0 |   0 |       0 | design_1_i/ddr_interface_0/inst/reset                       |
| g6        | 8     | BUFGCE/O        | None       |           0 |              20 |   20 |      0 |    0 |    0 |   0 |  0 |    0 |   0 |       0 | design_1_i/rst_ps8_0_100M/U0/peripheral_aresetn[0]          |
+-----------+-------+-----------------+------------+-------------+-----------------+------+--------+------+------+-----+----+------+-----+---------+-------------------------------------------------------------+
* Clock Loads column represents the clock pin loads (pin count)
** Non-Clock Loads column represents the non-clock pin loads (pin count)
*** Columns FF, LUTRAM, RAMB through 'Hard IP' represents load cell counts


29. Clock Region Cell Placement per Global Clock: Region X3Y4
-------------------------------------------------------------

+-----------+-------+-----------------+------------+-------------+-----------------+------+--------+------+------+-----+----+------+-----+---------+-------------------------------------------------------------+
| Global Id | Track | Driver Type/Pin | Constraint | Clock Loads | Non-Clock Loads | FF   | LUTRAM | RAMB | URAM | DSP | GT | MMCM | PLL | Hard IP | Net                                                         |
+-----------+-------+-----------------+------------+-------------+-----------------+------+--------+------+------+-----+----+------+-----+---------+-------------------------------------------------------------+
| g0        | 16    | BUFG_PS/O       | None       |        2123 |               0 | 2123 |      0 |    0 |    0 |   0 |  0 |    0 |   0 |       0 | design_1_i/zynq_ultra_ps_e_0/inst/pl_clk0                   |
| g2        | 0     | BUFGCE/O        | None       |           0 |             248 |  248 |      0 |    0 |    0 |   0 |  0 |    0 |   0 |       0 | design_1_i/ddr_interface_0/inst/l1_cache_z[31][15]_i_2_n_0  |
| g3        | 1     | BUFGCE/O        | None       |           0 |             300 |  300 |      0 |    0 |    0 |   0 |  0 |    0 |   0 |       0 | design_1_i/ddr_interface_0/inst/l1_fcache_z[30][15]_i_2_n_0 |
| g4        | 2     | BUFGCE/O        | None       |           0 |             400 |  400 |      0 |    0 |    0 |   0 |  0 |    0 |   0 |       0 | design_1_i/ddr_interface_0/inst/m_controller/rst_1[0]       |
| g5        | 20    | BUFGCE/O        | None       |           0 |             292 |  292 |      0 |    0 |    0 |   0 |  0 |    0 |   0 |       0 | design_1_i/ddr_interface_0/inst/reset                       |
| g6        | 8     | BUFGCE/O        | None       |           0 |               2 |    2 |      0 |    0 |    0 |   0 |  0 |    0 |   0 |       0 | design_1_i/rst_ps8_0_100M/U0/peripheral_aresetn[0]          |
+-----------+-------+-----------------+------------+-------------+-----------------+------+--------+------+------+-----+----+------+-----+---------+-------------------------------------------------------------+
* Clock Loads column represents the clock pin loads (pin count)
** Non-Clock Loads column represents the non-clock pin loads (pin count)
*** Columns FF, LUTRAM, RAMB through 'Hard IP' represents load cell counts


30. Clock Region Cell Placement per Global Clock: Region X0Y5
-------------------------------------------------------------

+-----------+-------+-----------------+------------+-------------+-----------------+------+--------+------+------+-----+----+------+-----+---------+-------------------------------------------------------------+
| Global Id | Track | Driver Type/Pin | Constraint | Clock Loads | Non-Clock Loads | FF   | LUTRAM | RAMB | URAM | DSP | GT | MMCM | PLL | Hard IP | Net                                                         |
+-----------+-------+-----------------+------------+-------------+-----------------+------+--------+------+------+-----+----+------+-----+---------+-------------------------------------------------------------+
| g0        | 16    | BUFG_PS/O       | None       |        2156 |               0 | 1876 |    272 |    8 |    0 |   0 |  0 |    0 |   0 |       0 | design_1_i/zynq_ultra_ps_e_0/inst/pl_clk0                   |
| g2        | 0     | BUFGCE/O        | None       |           0 |              89 |   89 |      0 |    0 |    0 |   0 |  0 |    0 |   0 |       0 | design_1_i/ddr_interface_0/inst/l1_cache_z[31][15]_i_2_n_0  |
| g3        | 1     | BUFGCE/O        | None       |           0 |              99 |   99 |      0 |    0 |    0 |   0 |  0 |    0 |   0 |       0 | design_1_i/ddr_interface_0/inst/l1_fcache_z[30][15]_i_2_n_0 |
| g4        | 2     | BUFGCE/O        | None       |           0 |             141 |  141 |      0 |    0 |    0 |   0 |  0 |    0 |   0 |       0 | design_1_i/ddr_interface_0/inst/m_controller/rst_1[0]       |
+-----------+-------+-----------------+------------+-------------+-----------------+------+--------+------+------+-----+----+------+-----+---------+-------------------------------------------------------------+
* Clock Loads column represents the clock pin loads (pin count)
** Non-Clock Loads column represents the non-clock pin loads (pin count)
*** Columns FF, LUTRAM, RAMB through 'Hard IP' represents load cell counts


31. Clock Region Cell Placement per Global Clock: Region X1Y5
-------------------------------------------------------------

+-----------+-------+-----------------+------------+-------------+-----------------+------+--------+------+------+-----+----+------+-----+---------+-------------------------------------------------------------+
| Global Id | Track | Driver Type/Pin | Constraint | Clock Loads | Non-Clock Loads | FF   | LUTRAM | RAMB | URAM | DSP | GT | MMCM | PLL | Hard IP | Net                                                         |
+-----------+-------+-----------------+------------+-------------+-----------------+------+--------+------+------+-----+----+------+-----+---------+-------------------------------------------------------------+
| g0        | 16    | BUFG_PS/O       | None       |        2082 |               0 | 1824 |    240 |    7 |    0 |  11 |  0 |    0 |   0 |       0 | design_1_i/zynq_ultra_ps_e_0/inst/pl_clk0                   |
| g2        | 0     | BUFGCE/O        | None       |           0 |             117 |  117 |      0 |    0 |    0 |   0 |  0 |    0 |   0 |       0 | design_1_i/ddr_interface_0/inst/l1_cache_z[31][15]_i_2_n_0  |
| g3        | 1     | BUFGCE/O        | None       |           0 |             146 |  146 |      0 |    0 |    0 |   0 |  0 |    0 |   0 |       0 | design_1_i/ddr_interface_0/inst/l1_fcache_z[30][15]_i_2_n_0 |
| g4        | 2     | BUFGCE/O        | None       |           0 |             198 |  198 |      0 |    0 |    0 |   0 |  0 |    0 |   0 |       0 | design_1_i/ddr_interface_0/inst/m_controller/rst_1[0]       |
| g5        | 20    | BUFGCE/O        | None       |           0 |             219 |  219 |      0 |    0 |    0 |   0 |  0 |    0 |   0 |       0 | design_1_i/ddr_interface_0/inst/reset                       |
+-----------+-------+-----------------+------------+-------------+-----------------+------+--------+------+------+-----+----+------+-----+---------+-------------------------------------------------------------+
* Clock Loads column represents the clock pin loads (pin count)
** Non-Clock Loads column represents the non-clock pin loads (pin count)
*** Columns FF, LUTRAM, RAMB through 'Hard IP' represents load cell counts


32. Clock Region Cell Placement per Global Clock: Region X2Y5
-------------------------------------------------------------

+-----------+-------+-----------------+------------+-------------+-----------------+------+--------+------+------+-----+----+------+-----+---------+-------------------------------------------------------------+
| Global Id | Track | Driver Type/Pin | Constraint | Clock Loads | Non-Clock Loads | FF   | LUTRAM | RAMB | URAM | DSP | GT | MMCM | PLL | Hard IP | Net                                                         |
+-----------+-------+-----------------+------------+-------------+-----------------+------+--------+------+------+-----+----+------+-----+---------+-------------------------------------------------------------+
| g0        | 16    | BUFG_PS/O       | None       |        1987 |               0 | 1972 |      0 |    0 |    0 |  15 |  0 |    0 |   0 |       0 | design_1_i/zynq_ultra_ps_e_0/inst/pl_clk0                   |
| g2        | 0     | BUFGCE/O        | None       |           0 |             192 |  192 |      0 |    0 |    0 |   0 |  0 |    0 |   0 |       0 | design_1_i/ddr_interface_0/inst/l1_cache_z[31][15]_i_2_n_0  |
| g3        | 1     | BUFGCE/O        | None       |           0 |             188 |  188 |      0 |    0 |    0 |   0 |  0 |    0 |   0 |       0 | design_1_i/ddr_interface_0/inst/l1_fcache_z[30][15]_i_2_n_0 |
| g4        | 2     | BUFGCE/O        | None       |           0 |             303 |  303 |      0 |    0 |    0 |   0 |  0 |    0 |   0 |       0 | design_1_i/ddr_interface_0/inst/m_controller/rst_1[0]       |
| g5        | 20    | BUFGCE/O        | None       |           0 |             428 |  428 |      0 |    0 |    0 |   0 |  0 |    0 |   0 |       0 | design_1_i/ddr_interface_0/inst/reset                       |
| g6        | 8     | BUFGCE/O        | None       |           0 |              20 |   20 |      0 |    0 |    0 |   0 |  0 |    0 |   0 |       0 | design_1_i/rst_ps8_0_100M/U0/peripheral_aresetn[0]          |
+-----------+-------+-----------------+------------+-------------+-----------------+------+--------+------+------+-----+----+------+-----+---------+-------------------------------------------------------------+
* Clock Loads column represents the clock pin loads (pin count)
** Non-Clock Loads column represents the non-clock pin loads (pin count)
*** Columns FF, LUTRAM, RAMB through 'Hard IP' represents load cell counts


33. Clock Region Cell Placement per Global Clock: Region X3Y5
-------------------------------------------------------------

+-----------+-------+-----------------+------------+-------------+-----------------+------+--------+------+------+-----+----+------+-----+---------+-------------------------------------------------------------+
| Global Id | Track | Driver Type/Pin | Constraint | Clock Loads | Non-Clock Loads | FF   | LUTRAM | RAMB | URAM | DSP | GT | MMCM | PLL | Hard IP | Net                                                         |
+-----------+-------+-----------------+------------+-------------+-----------------+------+--------+------+------+-----+----+------+-----+---------+-------------------------------------------------------------+
| g0        | 16    | BUFG_PS/O       | None       |        1877 |               0 | 1876 |      0 |    0 |    0 |   1 |  0 |    0 |   0 |       0 | design_1_i/zynq_ultra_ps_e_0/inst/pl_clk0                   |
| g2        | 0     | BUFGCE/O        | None       |           0 |             250 |  250 |      0 |    0 |    0 |   0 |  0 |    0 |   0 |       0 | design_1_i/ddr_interface_0/inst/l1_cache_z[31][15]_i_2_n_0  |
| g3        | 1     | BUFGCE/O        | None       |           0 |               8 |    8 |      0 |    0 |    0 |   0 |  0 |    0 |   0 |       0 | design_1_i/ddr_interface_0/inst/l1_fcache_z[30][15]_i_2_n_0 |
| g4        | 2     | BUFGCE/O        | None       |           0 |             442 |  442 |      0 |    0 |    0 |   0 |  0 |    0 |   0 |       0 | design_1_i/ddr_interface_0/inst/m_controller/rst_1[0]       |
| g5        | 20    | BUFGCE/O        | None       |           0 |             463 |  463 |      0 |    0 |    0 |   0 |  0 |    0 |   0 |       0 | design_1_i/ddr_interface_0/inst/reset                       |
| g6        | 8     | BUFGCE/O        | None       |           0 |              21 |   21 |      0 |    0 |    0 |   0 |  0 |    0 |   0 |       0 | design_1_i/rst_ps8_0_100M/U0/peripheral_aresetn[0]          |
+-----------+-------+-----------------+------------+-------------+-----------------+------+--------+------+------+-----+----+------+-----+---------+-------------------------------------------------------------+
* Clock Loads column represents the clock pin loads (pin count)
** Non-Clock Loads column represents the non-clock pin loads (pin count)
*** Columns FF, LUTRAM, RAMB through 'Hard IP' represents load cell counts


